// Jest Snapshot v1, https://goo.gl/fbAQLP

exports[`Home component renders correctly 1`] = `
<div
  className="home"
>
  <h1>
    This is Home
  </h1>
</div>
`;
